Используем Firefox
Переходим на страницу...
Кликаем по кнопке телефона: span:has-text('Показать телефон')
Найден телефон: +7 (921) 771-70-66
Найдены основные категории бизнеса: ['Салон красоты', 'Ногтевая студия']
Клик по вкладке 'Товары и услуги'
Найдено категорий в рубрикаторе: 0
Собрано категорий товаров: 24
Собрано групп товаров: 24
Рубрика (основные категории бизнеса): ['Салон красоты', 'Ногтевая студия']
Категории товаров/услуг (24): ['Окрашивавние волос', 'барбер', 'Барбер (Доп. услуги)', 'Депиляция воск', 'Депиляция сахар/воск', 'Депиляция Сахар/воск', 'Детская стрижка ( до 10 лет ) девочки', 'Коррекция & окрашивание бровей', 'Косметолог ( пилинг)', 'Маникюр " ведущий мастер"', 'Массаж', 'Окантовка волос', 'ОКРАШИВАНИЕ ХНОЙ', 'Педикюр " ведущий мастер"', 'Стрижка волос (длинные волосы)', 'Стрижка волос челка', 'Стрижка детская ( до 15 лет )', 'Стрижка детская ( до 9 лет )', 'Стрижка женская "Топ-мастер"', 'Стрижка женская ( короткие волосы)', 'Стрижка и уход за волосами', 'Стрижка мужская ( мытье + укладка)', 'Укладка "Локоны на длинные волосы"', 'химическая завивка']
Возвращаемся на вкладку 'Обзор' для парсинга часов работы
Найдена вкладка 'Отзывы' с селектором: div[role='tab']:has-text('Отзывы')
Произошла ошибка: Exception: Ошибка при парсинге: name 'parse_news' is not defined
Детальная информация об ошибке:
Traceback (most recent call last):
  File "/home/runner/workspace/src/parser.py", line 301, in parse_yandex_card
    data['news'] = parse_news(page)
                   ^^^^^^^^^^
NameError: name 'parse_news' is not defined. Did you mean: 'parse_reviews'?

During handling of the above exception, another exception occurred:

Traceback (most recent call last):
  File "/home/runner/workspace/src/main.py", line 22, in main
    card_data = parse_yandex_card(url)
                ^^^^^^^^^^^^^^^^^^^^^^
  File "/home/runner/workspace/src/parser.py", line 334, in parse_yandex_card
    raise Exception(f"Ошибка при парсинге: {e}")
Exception: Ошибка при парсинге: name 'parse_news' is not defined

Если ошибка повторяется, попробуйте:
1. Проверить правильность ссылки на Яндекс.Карты
2. Убедиться, что страница загружается в браузере
3. Попробовать другую карточку
