Введите ссылку на карточку Яндекс.Карт:
https://yandex.ru/maps/org/feniks_anny/1196644682/?ll=30.303885%2C59.21
Парсинг основной страницы...
Начинаем парсинг: https://yandex.ru/maps/org/feniks_anny/1196644682/?ll=30.303885%2C59.863378&z=17.21
Используем парсинг через Playwright...
Chromium недоступен: BrowserType.launch: 
╔══════════════════════════════════════════════════════╗
║ Host system is missing dependencies to run browsers. ║
║ Missing libraries:                                   ║
║     libnspr4.so                                      ║
║     libnss3.so                                       ║
║     libnssutil3.so                                   ║
║     libdbus-1.so.3                                   ║
║     libatk-1.0.so.0                                  ║
║     libatk-bridge-2.0.so.0                           ║
║     libexpat.so.1                                    ║
║     libatspi.so.0                                    ║
║     libXcomposite.so.1                               ║
║     libXdamage.so.1                                  ║
║     libXfixes.so.3                                   ║
║     libgbm.so.1                                      ║
║     libxcb.so.1                                      ║
║     libxkbcommon.so.0                                ║
║     libudev.so.1                                     ║
║     libasound.so.2                                   ║
╚══════════════════════════════════════════════════════╝
Firefox недоступен: BrowserType.launch: 
╔══════════════════════════════════════════════════════╗
║ Host system is missing dependencies to run browsers. ║
║ Please install them with the following command:      ║
║                                                      ║
║     sudo playwright install-deps                     ║
║                                                      ║
║ Alternatively, use apt:                              ║
║     sudo apt-get install libxcb-shm0\                ║
║         libxcb1\                                     ║
║         libxcomposite1\                              ║
║         libxdamage1\                                 ║
║         libxfixes3\                                  ║
║         libgtk-3-0t64\                               ║
║         libpangocairo-1.0-0\                         ║
║         libpango-1.0-0\                              ║
║         libatk1.0-0t64\                              ║
║         libcairo-gobject2\                           ║
║         libcairo2\                                   ║
║         libgdk-pixbuf-2.0-0\                         ║
║         libxrender1\                                 ║
║         libasound2t64\                               ║
║         libfreetype6\                                ║
║         libfontconfig1\                              ║
║         libdbus-1-3                                  ║
║                                                      ║
║ <3 Playwright Team                                   ║
╚══════════════════════════════════════════════════════╝
Произошла ошибка: Exception: Ошибка при парсинге: Все браузеры недоступны: Chromium=BrowserType.launch: 
╔══════════════════════════════════════════════════════╗
║ Host system is missing dependencies to run browsers. ║
║ Missing libraries:                                   ║
║     libnspr4.so                                      ║
║     libnss3.so                                       ║
║     libnssutil3.so                                   ║
║     libdbus-1.so.3                                   ║
║     libatk-1.0.so.0                                  ║
║     libatk-bridge-2.0.so.0                           ║
║     libexpat.so.1                                    ║
║     libatspi.so.0                                    ║
║     libXcomposite.so.1                               ║
║     libXdamage.so.1                                  ║
║     libXfixes.so.3                                   ║
║     libgbm.so.1                                      ║
║     libxcb.so.1                                      ║
║     libxkbcommon.so.0                                ║
║     libudev.so.1                                     ║
║     libasound.so.2                                   ║
╚══════════════════════════════════════════════════════╝, Firefox=BrowserType.launch: 
╔══════════════════════════════════════════════════════╗
║ Host system is missing dependencies to run browsers. ║
║ Please install them with the following command:      ║
║                                                      ║
║     sudo playwright install-deps                     ║
║                                                      ║
║ Alternatively, use apt:                              ║
║     sudo apt-get install libxcb-shm0\                ║
║         libxcb1\                                     ║
║         libxcomposite1\                              ║
║         libxdamage1\                                 ║
║         libxfixes3\                                  ║
║         libgtk-3-0t64\                               ║
║         libpangocairo-1.0-0\                         ║
║         libpango-1.0-0\                              ║
║         libatk1.0-0t64\                              ║
║         libcairo-gobject2\                           ║
║         libcairo2\                                   ║
║         libgdk-pixbuf-2.0-0\                         ║
║         libxrender1\                                 ║
║         libasound2t64\                               ║
║         libfreetype6\                                ║
║         libfontconfig1\                              ║
║         libdbus-1-3                                  ║
║                                                      ║
║ <3 Playwright Team                                   ║
╚══════════════════════════════════════════════════════╝, WebKit=BrowserType.launch: 
╔══════════════════════════════════════════════════════╗
║ Host system is missing dependencies to run browsers. ║
║ Missing libraries:                                   ║
║     libgstreamer-1.0.so.0                            ║
║     libgtk-4.so.1                                    ║
║     libpangocairo-1.0.so.0                           ║
║     libpango-1.0.so.0                                ║
║     libharfbuzz.so.0                                 ║
║     libgdk_pixbuf-2.0.so.0                           ║
║     libcairo-gobject.so.2                            ║
║     libcairo.so.2                                    ║
║     libvulkan.so.1                                   ║
║     libgraphene-1.0.so.0                             ║
║     libicudata.so.74                                 ║
║     libicui18n.so.74                                 ║
║     libatomic.so.1                                   ║
║     libsystemd.so.0                                  ║
║     libicuuc.so.74                                   ║
║     libxml2.so.2                                     ║
║     libsqlite3.so.0                                  ║
║     libxslt.so.1                                     ║
║     liblcms2.so.2                                    ║
║     libwoff2dec.so.1.0.2                             ║
║     libvpx.so.9                                      ║
║     libevent-2.1.so.7                                ║
║     libopus.so.0                                     ║
║     libgcrypt.so.20                                  ║
║     libgpg-error.so.0                                ║
║     libgstallocators-1.0.so.0                        ║
║     libgstapp-1.0.so.0                               ║
║     libgstbase-1.0.so.0                              ║
║     libgstpbutils-1.0.so.0                           ║
║     libgstaudio-1.0.so.0                             ║
║     libgsttag-1.0.so.0                               ║
║     libgstvideo-1.0.so.0                             ║
║     libgstgl-1.0.so.0                                ║
║     libgstcodecparsers-1.0.so.0                      ║
║     libgstfft-1.0.so.0                               ║
║     libflite.so.1                                    ║
║     libflite_usenglish.so.1                          ║
║     libflite_cmu_grapheme_lang.so.1                  ║
║     libflite_cmu_grapheme_lex.so.1                   ║
║     libflite_cmu_indic_lang.so.1                     ║
║     libflite_cmu_indic_lex.so.1                      ║
║     libflite_cmulex.so.1                             ║
║     libflite_cmu_time_awb.so.1                       ║
║     libflite_cmu_us_awb.so.1                         ║
║     libflite_cmu_us_kal16.so.1                       ║
║     libflite_cmu_us_kal.so.1                         ║
║     libflite_cmu_us_rms.so.1                         ║
║     libflite_cmu_us_slt.so.1                         ║
║     libwebpdemux.so.2                                ║
║     libavif.so.16                                    ║
║     libharfbuzz-icu.so.0                             ║
║     libepoxy.so.0                                    ║
║     libjpeg.so.8                                     ║
║     libpng16.so.16                                   ║
║     libfreetype.so.6                                 ║
║     libfontconfig.so.1                               ║
║     libwebpmux.so.3                                  ║
║     libwebp.so.7                                     ║
║     libexpat.so.1                                    ║
║     libenchant-2.so.2                                ║
║     libsecret-1.so.0                                 ║
║     libtasn1.so.6                                    ║
║     libhyphen.so.0                                   ║
║     libwayland-server.so.0                           ║
║     libwayland-egl.so.1                              ║
║     libwayland-client.so.0                           ║
║     libmanette-0.2.so.0                              ║
║     libgbm.so.1                                      ║
║     libdrm.so.2                                      ║
║     libpsl.so.5                                      ║
║     libnghttp2.so.14                                 ║
║     libatk-1.0.so.0                                  ║
║     libxkbcommon.so.0                                ║
║     libatk-bridge-2.0.so.0                           ║
║     libGLESv2.so.2                                   ║
║     libx264.so                                       ║
╚══════════════════════════════════════════════════════╝
Детальная информация об ошибке:
Traceback (most recent call last):
  File "/home/runner/workspace/src/parser.py", line 84, in parse_yandex_card
    browser = p.webkit.launch(
              ^^^^^^^^^^^^^^^^
  File "/home/runner/workspace/.pythonlibs/lib/python3.12/site-packages/playwright/sync_api/_generated.py", line 14475, in launch
    self._sync(
  File "/home/runner/workspace/.pythonlibs/lib/python3.12/site-packages/playwright/_impl/_sync_base.py", line 115, in _sync
    return task.result()
           ^^^^^^^^^^^^^
  File "/home/runner/workspace/.pythonlibs/lib/python3.12/site-packages/playwright/_impl/_browser_type.py", line 98, in launch
    await self._channel.send(
  File "/home/runner/workspace/.pythonlibs/lib/python3.12/site-packages/playwright/_impl/_connection.py", line 69, in send
    return await self._connection.wrap_api_call(
           ^^^^^^^^^^^^^^^^^^^^^^^^^^^^^^^^^^^^^
  File "/home/runner/workspace/.pythonlibs/lib/python3.12/site-packages/playwright/_impl/_connection.py", line 558, in wrap_api_call
    raise rewrite_error(error, f"{parsed_st['apiName']}: {error}") from None
playwright._impl._errors.Error: BrowserType.launch: 
╔══════════════════════════════════════════════════════╗
║ Host system is missing dependencies to run browsers. ║
║ Missing libraries:                                   ║
║     libgstreamer-1.0.so.0                            ║
║     libgtk-4.so.1                                    ║
║     libpangocairo-1.0.so.0                           ║
║     libpango-1.0.so.0                                ║
║     libharfbuzz.so.0                                 ║
║     libgdk_pixbuf-2.0.so.0                           ║
║     libcairo-gobject.so.2                            ║
║     libcairo.so.2                                    ║
║     libvulkan.so.1                                   ║
║     libgraphene-1.0.so.0                             ║
║     libicudata.so.74                                 ║
║     libicui18n.so.74                                 ║
║     libatomic.so.1                                   ║
║     libsystemd.so.0                                  ║
║     libicuuc.so.74                                   ║
║     libxml2.so.2                                     ║
║     libsqlite3.so.0                                  ║
║     libxslt.so.1                                     ║
║     liblcms2.so.2                                    ║
║     libwoff2dec.so.1.0.2                             ║
║     libvpx.so.9                                      ║
║     libevent-2.1.so.7                                ║
║     libopus.so.0                                     ║
║     libgcrypt.so.20                                  ║
║     libgpg-error.so.0                                ║
║     libgstallocators-1.0.so.0                        ║
║     libgstapp-1.0.so.0                               ║
║     libgstbase-1.0.so.0                              ║
║     libgstpbutils-1.0.so.0                           ║
║     libgstaudio-1.0.so.0                             ║
║     libgsttag-1.0.so.0                               ║
║     libgstvideo-1.0.so.0                             ║
║     libgstgl-1.0.so.0                                ║
║     libgstcodecparsers-1.0.so.0                      ║
║     libgstfft-1.0.so.0                               ║
║     libflite.so.1                                    ║
║     libflite_usenglish.so.1                          ║
║     libflite_cmu_grapheme_lang.so.1                  ║
║     libflite_cmu_grapheme_lex.so.1                   ║
║     libflite_cmu_indic_lang.so.1                     ║
║     libflite_cmu_indic_lex.so.1                      ║
║     libflite_cmulex.so.1                             ║
║     libflite_cmu_time_awb.so.1                       ║
║     libflite_cmu_us_awb.so.1                         ║
║     libflite_cmu_us_kal16.so.1                       ║
║     libflite_cmu_us_kal.so.1                         ║
║     libflite_cmu_us_rms.so.1                         ║
║     libflite_cmu_us_slt.so.1                         ║
║     libwebpdemux.so.2                                ║
║     libavif.so.16                                    ║
║     libharfbuzz-icu.so.0                             ║
║     libepoxy.so.0                                    ║
║     libjpeg.so.8                                     ║
║     libpng16.so.16                                   ║
║     libfreetype.so.6                                 ║
║     libfontconfig.so.1                               ║
║     libwebpmux.so.3                                  ║
║     libwebp.so.7                                     ║
║     libexpat.so.1                                    ║
║     libenchant-2.so.2                                ║
║     libsecret-1.so.0                                 ║
║     libtasn1.so.6                                    ║
║     libhyphen.so.0                                   ║
║     libwayland-server.so.0                           ║
║     libwayland-egl.so.1                              ║
║     libwayland-client.so.0                           ║
║     libmanette-0.2.so.0                              ║
║     libgbm.so.1                                      ║
║     libdrm.so.2                                      ║
║     libpsl.so.5                                      ║
║     libnghttp2.so.14                                 ║
║     libatk-1.0.so.0                                  ║
║     libxkbcommon.so.0                                ║
║     libatk-bridge-2.0.so.0                           ║
║     libGLESv2.so.2                                   ║
║     libx264.so                                       ║
╚══════════════════════════════════════════════════════╝

During handling of the above exception, another exception occurred:

Traceback (most recent call last):
  File "/home/runner/workspace/src/parser.py", line 91, in parse_yandex_card
    raise Exception(f"Все браузеры недоступны: Chromium={e}, Firefox={e2}, WebKit={e3}")
Exception: Все браузеры недоступны: Chromium=BrowserType.launch: 
╔══════════════════════════════════════════════════════╗
║ Host system is missing dependencies to run browsers. ║
║ Missing libraries:                                   ║
║     libnspr4.so                                      ║
║     libnss3.so                                       ║
║     libnssutil3.so                                   ║
║     libdbus-1.so.3                                   ║
║     libatk-1.0.so.0                                  ║
║     libatk-bridge-2.0.so.0                           ║
║     libexpat.so.1                                    ║
║     libatspi.so.0                                    ║
║     libXcomposite.so.1                               ║
║     libXdamage.so.1                                  ║
║     libXfixes.so.3                                   ║
║     libgbm.so.1                                      ║
║     libxcb.so.1                                      ║
║     libxkbcommon.so.0                                ║
║     libudev.so.1                                     ║
║     libasound.so.2                                   ║
╚══════════════════════════════════════════════════════╝, Firefox=BrowserType.launch: 
╔══════════════════════════════════════════════════════╗
║ Host system is missing dependencies to run browsers. ║
║ Please install them with the following command:      ║
║                                                      ║
║     sudo playwright install-deps                     ║
║                                                      ║
║ Alternatively, use apt:                              ║
║     sudo apt-get install libxcb-shm0\                ║
║         libxcb1\                                     ║
║         libxcomposite1\                              ║
║         libxdamage1\                                 ║
║         libxfixes3\                                  ║
║         libgtk-3-0t64\                               ║
║         libpangocairo-1.0-0\                         ║
║         libpango-1.0-0\                              ║
║         libatk1.0-0t64\                              ║
║         libcairo-gobject2\                           ║
║         libcairo2\                                   ║
║         libgdk-pixbuf-2.0-0\                         ║
║         libxrender1\                                 ║
║         libasound2t64\                               ║
║         libfreetype6\                                ║
║         libfontconfig1\                              ║
║         libdbus-1-3                                  ║
║                                                      ║
║ <3 Playwright Team                                   ║
╚══════════════════════════════════════════════════════╝, WebKit=BrowserType.launch: 
╔══════════════════════════════════════════════════════╗
║ Host system is missing dependencies to run browsers. ║
║ Missing libraries:                                   ║
║     libgstreamer-1.0.so.0                            ║
║     libgtk-4.so.1                                    ║
║     libpangocairo-1.0.so.0                           ║
║     libpango-1.0.so.0                                ║
║     libharfbuzz.so.0                                 ║
║     libgdk_pixbuf-2.0.so.0                           ║
║     libcairo-gobject.so.2                            ║
║     libcairo.so.2                                    ║
║     libvulkan.so.1                                   ║
║     libgraphene-1.0.so.0                             ║
║     libicudata.so.74                                 ║
║     libicui18n.so.74                                 ║
║     libatomic.so.1                                   ║
║     libsystemd.so.0                                  ║
║     libicuuc.so.74                                   ║
║     libxml2.so.2                                     ║
║     libsqlite3.so.0                                  ║
║     libxslt.so.1                                     ║
║     liblcms2.so.2                                    ║
║     libwoff2dec.so.1.0.2                             ║
║     libvpx.so.9                                      ║
║     libevent-2.1.so.7                                ║
║     libopus.so.0                                     ║
║     libgcrypt.so.20                                  ║
║     libgpg-error.so.0                                ║
║     libgstallocators-1.0.so.0                        ║
║     libgstapp-1.0.so.0                               ║
║     libgstbase-1.0.so.0                              ║
║     libgstpbutils-1.0.so.0                           ║
║     libgstaudio-1.0.so.0                             ║
║     libgsttag-1.0.so.0                               ║
║     libgstvideo-1.0.so.0                             ║
║     libgstgl-1.0.so.0                                ║
║     libgstcodecparsers-1.0.so.0                      ║
║     libgstfft-1.0.so.0                               ║
║     libflite.so.1                                    ║
║     libflite_usenglish.so.1                          ║
║     libflite_cmu_grapheme_lang.so.1                  ║
║     libflite_cmu_grapheme_lex.so.1                   ║
║     libflite_cmu_indic_lang.so.1                     ║
║     libflite_cmu_indic_lex.so.1                      ║
║     libflite_cmulex.so.1                             ║
║     libflite_cmu_time_awb.so.1                       ║
║     libflite_cmu_us_awb.so.1                         ║
║     libflite_cmu_us_kal16.so.1                       ║
║     libflite_cmu_us_kal.so.1                         ║
║     libflite_cmu_us_rms.so.1                         ║
║     libflite_cmu_us_slt.so.1                         ║
║     libwebpdemux.so.2                                ║
║     libavif.so.16                                    ║
║     libharfbuzz-icu.so.0                             ║
║     libepoxy.so.0                                    ║
║     libjpeg.so.8                                     ║
║     libpng16.so.16                                   ║
║     libfreetype.so.6                                 ║
║     libfontconfig.so.1                               ║
║     libwebpmux.so.3                                  ║
║     libwebp.so.7                                     ║
║     libexpat.so.1                                    ║
║     libenchant-2.so.2                                ║
║     libsecret-1.so.0                                 ║
║     libtasn1.so.6                                    ║
║     libhyphen.so.0                                   ║
║     libwayland-server.so.0                           ║
║     libwayland-egl.so.1                              ║
║     libwayland-client.so.0                           ║
║     libmanette-0.2.so.0                              ║
║     libgbm.so.1                                      ║
║     libdrm.so.2                                      ║
║     libpsl.so.5                                      ║
║     libnghttp2.so.14                                 ║
║     libatk-1.0.so.0                                  ║
║     libxkbcommon.so.0                                ║
║     libatk-bridge-2.0.so.0                           ║
║     libGLESv2.so.2                                   ║
║     libx264.so                                       ║
╚══════════════════════════════════════════════════════╝

During handling of the above exception, another exception occurred:

Traceback (most recent call last):
  File "/home/runner/workspace/src/main.py", line 22, in main
    card_data = parse_yandex_card(url)
                ^^^^^^^^^^^^^^^^^^^^^^
  File "/home/runner/workspace/src/parser.py", line 216, in parse_yandex_card
    raise Exception(f"Ошибка при парсинге: {e}")
Exception: Ошибка при парсинге: Все браузеры недоступны: Chromium=BrowserType.launch: 
╔══════════════════════════════════════════════════════╗
║ Host system is missing dependencies to run browsers. ║
║ Missing libraries:                                   ║
║     libnspr4.so                                      ║
║     libnss3.so                                       ║
║     libnssutil3.so                                   ║
║     libdbus-1.so.3                                   ║
║     libatk-1.0.so.0                                  ║
║     libatk-bridge-2.0.so.0                           ║
║     libexpat.so.1                                    ║
║     libatspi.so.0                                    ║
║     libXcomposite.so.1                               ║
║     libXdamage.so.1                                  ║
║     libXfixes.so.3                                   ║
║     libgbm.so.1                                      ║
║     libxcb.so.1                                      ║
║     libxkbcommon.so.0                                ║
║     libudev.so.1                                     ║
║     libasound.so.2                                   ║
╚══════════════════════════════════════════════════════╝, Firefox=BrowserType.launch: 
╔══════════════════════════════════════════════════════╗
║ Host system is missing dependencies to run browsers. ║
║ Please install them with the following command:      ║
║                                                      ║
║     sudo playwright install-deps                     ║
║                                                      ║
║ Alternatively, use apt:                              ║
║     sudo apt-get install libxcb-shm0\                ║
║         libxcb1\                                     ║
║         libxcomposite1\                              ║
║         libxdamage1\                                 ║
║         libxfixes3\                                  ║
║         libgtk-3-0t64\                               ║
║         libpangocairo-1.0-0\                         ║
║         libpango-1.0-0\                              ║
║         libatk1.0-0t64\                              ║
║         libcairo-gobject2\                           ║
║         libcairo2\                                   ║
║         libgdk-pixbuf-2.0-0\                         ║
║         libxrender1\                                 ║
║         libasound2t64\                               ║
║         libfreetype6\                                ║
║         libfontconfig1\                              ║
║         libdbus-1-3                                  ║
║                                                      ║
║ <3 Playwright Team                                   ║
╚══════════════════════════════════════════════════════╝, WebKit=BrowserType.launch: 
╔══════════════════════════════════════════════════════╗
║ Host system is missing dependencies to run browsers. ║
║ Missing libraries:                                   ║
║     libgstreamer-1.0.so.0                            ║
║     libgtk-4.so.1                                    ║
║     libpangocairo-1.0.so.0                           ║
║     libpango-1.0.so.0                                ║
║     libharfbuzz.so.0                                 ║
║     libgdk_pixbuf-2.0.so.0                           ║
║     libcairo-gobject.so.2                            ║
║     libcairo.so.2                                    ║
║     libvulkan.so.1                                   ║
║     libgraphene-1.0.so.0                             ║
║     libicudata.so.74                                 ║
║     libicui18n.so.74                                 ║
║     libatomic.so.1                                   ║
║     libsystemd.so.0                                  ║
║     libicuuc.so.74                                   ║
║     libxml2.so.2                                     ║
║     libsqlite3.so.0                                  ║
║     libxslt.so.1                                     ║
║     liblcms2.so.2                                    ║
║     libwoff2dec.so.1.0.2                             ║
║     libvpx.so.9                                      ║
║     libevent-2.1.so.7                                ║
║     libopus.so.0                                     ║
║     libgcrypt.so.20                                  ║
║     libgpg-error.so.0                                ║
║     libgstallocators-1.0.so.0                        ║
║     libgstapp-1.0.so.0                               ║
║     libgstbase-1.0.so.0                              ║
║     libgstpbutils-1.0.so.0                           ║
║     libgstaudio-1.0.so.0                             ║
║     libgsttag-1.0.so.0                               ║
║     libgstvideo-1.0.so.0                             ║
║     libgstgl-1.0.so.0                                ║
║     libgstcodecparsers-1.0.so.0                      ║
║     libgstfft-1.0.so.0                               ║
║     libflite.so.1                                    ║
║     libflite_usenglish.so.1                          ║
║     libflite_cmu_grapheme_lang.so.1                  ║
║     libflite_cmu_grapheme_lex.so.1                   ║
║     libflite_cmu_indic_lang.so.1                     ║
║     libflite_cmu_indic_lex.so.1                      ║
║     libflite_cmulex.so.1                             ║
║     libflite_cmu_time_awb.so.1                       ║
║     libflite_cmu_us_awb.so.1                         ║
║     libflite_cmu_us_kal16.so.1                       ║
║     libflite_cmu_us_kal.so.1                         ║
║     libflite_cmu_us_rms.so.1                         ║
║     libflite_cmu_us_slt.so.1                         ║
║     libwebpdemux.so.2                                ║
║     libavif.so.16                                    ║
║     libharfbuzz-icu.so.0                             ║
║     libepoxy.so.0                                    ║
║     libjpeg.so.8                                     ║
║     libpng16.so.16                                   ║
║     libfreetype.so.6                                 ║
║     libfontconfig.so.1                               ║
║     libwebpmux.so.3                                  ║
║     libwebp.so.7                                     ║
║     libexpat.so.1                                    ║
║     libenchant-2.so.2                                ║
║     libsecret-1.so.0                                 ║
║     libtasn1.so.6                                    ║
║     libhyphen.so.0                                   ║
║     libwayland-server.so.0                           ║
║     libwayland-egl.so.1                              ║
║     libwayland-client.so.0                           ║
║     libmanette-0.2.so.0                              ║
║     libgbm.so.1                                      ║
║     libdrm.so.2                                      ║
║     libpsl.so.5                                      ║
║     libnghttp2.so.14                                 ║
║     libatk-1.0.so.0                                  ║
║     libxkbcommon.so.0                                ║
║     libatk-bridge-2.0.so.0                           ║
║     libGLESv2.so.2                                   ║
║     libx264.so                                       ║
╚══════════════════════════════════════════════════════╝

Если ошибка повторяется, попробуйте:
1. Проверить правильность ссылки на Яндекс.Карты
2. Убедиться, что страница загружается в браузере
3. Попробовать другую карточку